
==========================================================================
finish report_tns
--------------------------------------------------------------------------
tns max -10.04

==========================================================================
finish report_wns
--------------------------------------------------------------------------
wns max -0.29

==========================================================================
finish report_worst_slack
--------------------------------------------------------------------------
worst slack max -0.29

==========================================================================
finish report_clock_min_period
--------------------------------------------------------------------------
core_clock period_min = 0.79 fmax = 1258.55

==========================================================================
finish report_clock_skew
--------------------------------------------------------------------------
Clock core_clock
   0.07 source latency dpath.a_reg.out[13]$_DFFE_PP_/CK ^
  -0.07 target latency dpath.a_reg.out[4]$_DFFE_PP_/CK ^
   0.00 CRPR
--------------
  -0.00 setup skew


==========================================================================
finish report_checks -path_delay min
--------------------------------------------------------------------------
Startpoint: reset (input port clocked by core_clock)
Endpoint: ctrl.state.out[2]$_DFF_P_
          (rising edge-triggered flip-flop clocked by core_clock)
Path Group: core_clock
Path Type: min

Fanout     Cap    Slew   Delay    Time   Description
-----------------------------------------------------------------------------
                          0.00    0.00   clock core_clock (rise edge)
                          0.00    0.00   clock network delay (propagated)
                          0.10    0.10 ^ input external delay
     1    1.26    0.00    0.00    0.10 ^ reset (in)
                                         reset (net)
                  0.00    0.00    0.10 ^ input34/A (BUF_X1)
     3    5.86    0.02    0.03    0.13 ^ input34/Z (BUF_X1)
                                         net34 (net)
                  0.02    0.00    0.13 ^ _375_/A1 (NOR2_X1)
     1    1.55    0.01    0.01    0.14 v _375_/ZN (NOR2_X1)
                                         _002_ (net)
                  0.01    0.00    0.14 v ctrl.state.out[2]$_DFF_P_/D (DFF_X1)
                                  0.14   data arrival time

                          0.00    0.00   clock core_clock (rise edge)
                          0.00    0.00   clock source latency
     1    4.10    0.00    0.00    0.00 ^ clk (in)
                                         clk (net)
                  0.00    0.00    0.00 ^ clkbuf_0_clk/A (CLKBUF_X3)
     4    9.41    0.01    0.03    0.03 ^ clkbuf_0_clk/Z (CLKBUF_X3)
                                         clknet_0_clk (net)
                  0.01    0.00    0.03 ^ clkbuf_2_1__f_clk/A (CLKBUF_X3)
    10   12.91    0.01    0.04    0.07 ^ clkbuf_2_1__f_clk/Z (CLKBUF_X3)
                                         clknet_2_1__leaf_clk (net)
                  0.01    0.00    0.07 ^ ctrl.state.out[2]$_DFF_P_/CK (DFF_X1)
                          0.00    0.07   clock reconvergence pessimism
                          0.00    0.07   library hold time
                                  0.07   data required time
-----------------------------------------------------------------------------
                                  0.07   data required time
                                 -0.14   data arrival time
-----------------------------------------------------------------------------
                                  0.06   slack (MET)



==========================================================================
finish report_checks -path_delay max
--------------------------------------------------------------------------
Startpoint: dpath.b_reg.out[5]$_DFFE_PP_
            (rising edge-triggered flip-flop clocked by core_clock)
Endpoint: resp_msg[13] (output port clocked by core_clock)
Path Group: core_clock
Path Type: max

Fanout     Cap    Slew   Delay    Time   Description
-----------------------------------------------------------------------------
                          0.00    0.00   clock core_clock (rise edge)
                          0.00    0.00   clock source latency
     1    4.10    0.00    0.00    0.00 ^ clk (in)
                                         clk (net)
                  0.00    0.00    0.00 ^ clkbuf_0_clk/A (CLKBUF_X3)
     4    9.41    0.01    0.03    0.03 ^ clkbuf_0_clk/Z (CLKBUF_X3)
                                         clknet_0_clk (net)
                  0.01    0.00    0.03 ^ clkbuf_2_1__f_clk/A (CLKBUF_X3)
    10   12.91    0.01    0.04    0.07 ^ clkbuf_2_1__f_clk/Z (CLKBUF_X3)
                                         clknet_2_1__leaf_clk (net)
                  0.01    0.00    0.07 ^ dpath.b_reg.out[5]$_DFFE_PP_/CK (DFF_X1)
     2    5.59    0.01    0.09    0.16 v dpath.b_reg.out[5]$_DFFE_PP_/Q (DFF_X1)
                                         dpath.a_lt_b$in1[5] (net)
                  0.01    0.00    0.16 v _418_/B (XOR2_X2)
     2    5.30    0.01    0.06    0.22 v _418_/Z (XOR2_X2)
                                         _096_ (net)
                  0.01    0.00    0.22 v _427_/A4 (OR4_X4)
     1    3.55    0.02    0.11    0.33 v _427_/ZN (OR4_X4)
                                         _104_ (net)
                  0.02    0.00    0.33 v _428_/B (AOI211_X2)
     1    3.72    0.04    0.07    0.39 ^ _428_/ZN (AOI211_X2)
                                         _105_ (net)
                  0.04    0.00    0.39 ^ _430_/B (AOI211_X2)
     2    7.23    0.02    0.02    0.42 v _430_/ZN (AOI211_X2)
                                         _107_ (net)
                  0.02    0.00    0.42 v _445_/B1 (OAI21_X4)
     3    7.68    0.02    0.03    0.45 ^ _445_/ZN (OAI21_X4)
                                         _120_ (net)
                  0.02    0.00    0.45 ^ _485_/B1 (OAI221_X2)
     2    3.65    0.02    0.03    0.48 v _485_/ZN (OAI221_X2)
                                         _156_ (net)
                  0.02    0.00    0.48 v _486_/B1 (OAI221_X4)
     3    6.01    0.01    0.09    0.57 ^ _486_/ZN (OAI221_X4)
                                         _157_ (net)
                  0.01    0.00    0.57 ^ _494_/A2 (NAND2_X1)
     1    1.64    0.01    0.01    0.58 v _494_/ZN (NAND2_X1)
                                         _164_ (net)
                  0.01    0.00    0.58 v _495_/A2 (AND2_X2)
     1    2.57    0.01    0.03    0.61 v _495_/ZN (AND2_X2)
                                         _165_ (net)
                  0.01    0.00    0.61 v _496_/B (XOR2_X1)
     2    3.10    0.01    0.06    0.66 v _496_/Z (XOR2_X1)
                                         _166_ (net)
                  0.01    0.00    0.66 v _497_/A (INV_X1)
     1    1.07    0.01    0.01    0.68 ^ _497_/ZN (INV_X1)
                                         net41 (net)
                  0.01    0.00    0.68 ^ output41/A (BUF_X1)
     1    0.16    0.00    0.02    0.69 ^ output41/Z (BUF_X1)
                                         resp_msg[13] (net)
                  0.00    0.00    0.69 ^ resp_msg[13] (out)
                                  0.69   data arrival time

                          0.51    0.51   clock core_clock (rise edge)
                          0.00    0.51   clock network delay (propagated)
                          0.00    0.51   clock reconvergence pessimism
                         -0.10    0.40   output external delay
                                  0.40   data required time
-----------------------------------------------------------------------------
                                  0.40   data required time
                                 -0.69   data arrival time
-----------------------------------------------------------------------------
                                 -0.29   slack (VIOLATED)



==========================================================================
finish report_checks -unconstrained
--------------------------------------------------------------------------
Startpoint: dpath.b_reg.out[5]$_DFFE_PP_
            (rising edge-triggered flip-flop clocked by core_clock)
Endpoint: resp_msg[13] (output port clocked by core_clock)
Path Group: core_clock
Path Type: max

Fanout     Cap    Slew   Delay    Time   Description
-----------------------------------------------------------------------------
                          0.00    0.00   clock core_clock (rise edge)
                          0.00    0.00   clock source latency
     1    4.10    0.00    0.00    0.00 ^ clk (in)
                                         clk (net)
                  0.00    0.00    0.00 ^ clkbuf_0_clk/A (CLKBUF_X3)
     4    9.41    0.01    0.03    0.03 ^ clkbuf_0_clk/Z (CLKBUF_X3)
                                         clknet_0_clk (net)
                  0.01    0.00    0.03 ^ clkbuf_2_1__f_clk/A (CLKBUF_X3)
    10   12.91    0.01    0.04    0.07 ^ clkbuf_2_1__f_clk/Z (CLKBUF_X3)
                                         clknet_2_1__leaf_clk (net)
                  0.01    0.00    0.07 ^ dpath.b_reg.out[5]$_DFFE_PP_/CK (DFF_X1)
     2    5.59    0.01    0.09    0.16 v dpath.b_reg.out[5]$_DFFE_PP_/Q (DFF_X1)
                                         dpath.a_lt_b$in1[5] (net)
                  0.01    0.00    0.16 v _418_/B (XOR2_X2)
     2    5.30    0.01    0.06    0.22 v _418_/Z (XOR2_X2)
                                         _096_ (net)
                  0.01    0.00    0.22 v _427_/A4 (OR4_X4)
     1    3.55    0.02    0.11    0.33 v _427_/ZN (OR4_X4)
                                         _104_ (net)
                  0.02    0.00    0.33 v _428_/B (AOI211_X2)
     1    3.72    0.04    0.07    0.39 ^ _428_/ZN (AOI211_X2)
                                         _105_ (net)
                  0.04    0.00    0.39 ^ _430_/B (AOI211_X2)
     2    7.23    0.02    0.02    0.42 v _430_/ZN (AOI211_X2)
                                         _107_ (net)
                  0.02    0.00    0.42 v _445_/B1 (OAI21_X4)
     3    7.68    0.02    0.03    0.45 ^ _445_/ZN (OAI21_X4)
                                         _120_ (net)
                  0.02    0.00    0.45 ^ _485_/B1 (OAI221_X2)
     2    3.65    0.02    0.03    0.48 v _485_/ZN (OAI221_X2)
                                         _156_ (net)
                  0.02    0.00    0.48 v _486_/B1 (OAI221_X4)
     3    6.01    0.01    0.09    0.57 ^ _486_/ZN (OAI221_X4)
                                         _157_ (net)
                  0.01    0.00    0.57 ^ _494_/A2 (NAND2_X1)
     1    1.64    0.01    0.01    0.58 v _494_/ZN (NAND2_X1)
                                         _164_ (net)
                  0.01    0.00    0.58 v _495_/A2 (AND2_X2)
     1    2.57    0.01    0.03    0.61 v _495_/ZN (AND2_X2)
                                         _165_ (net)
                  0.01    0.00    0.61 v _496_/B (XOR2_X1)
     2    3.10    0.01    0.06    0.66 v _496_/Z (XOR2_X1)
                                         _166_ (net)
                  0.01    0.00    0.66 v _497_/A (INV_X1)
     1    1.07    0.01    0.01    0.68 ^ _497_/ZN (INV_X1)
                                         net41 (net)
                  0.01    0.00    0.68 ^ output41/A (BUF_X1)
     1    0.16    0.00    0.02    0.69 ^ output41/Z (BUF_X1)
                                         resp_msg[13] (net)
                  0.00    0.00    0.69 ^ resp_msg[13] (out)
                                  0.69   data arrival time

                          0.51    0.51   clock core_clock (rise edge)
                          0.00    0.51   clock network delay (propagated)
                          0.00    0.51   clock reconvergence pessimism
                         -0.10    0.40   output external delay
                                  0.40   data required time
-----------------------------------------------------------------------------
                                  0.40   data required time
                                 -0.69   data arrival time
-----------------------------------------------------------------------------
                                 -0.29   slack (VIOLATED)



==========================================================================
finish report_check_types -max_slew -max_cap -max_fanout -violators
--------------------------------------------------------------------------

==========================================================================
finish max_slew_check_slack
--------------------------------------------------------------------------
0.11204972118139267

==========================================================================
finish max_slew_check_limit
--------------------------------------------------------------------------
0.1985349953174591

==========================================================================
finish max_slew_check_slack_limit
--------------------------------------------------------------------------
0.5644

==========================================================================
finish max_fanout_check_slack
--------------------------------------------------------------------------
1.0000000150474662e+30

==========================================================================
finish max_fanout_check_limit
--------------------------------------------------------------------------
1.0000000150474662e+30

==========================================================================
finish max_capacitance_check_slack
--------------------------------------------------------------------------
7.558701038360596

==========================================================================
finish max_capacitance_check_limit
--------------------------------------------------------------------------
10.47130012512207

==========================================================================
finish max_capacitance_check_slack_limit
--------------------------------------------------------------------------
0.7218

==========================================================================
finish max_slew_violation_count
--------------------------------------------------------------------------
max slew violation count 0

==========================================================================
finish max_fanout_violation_count
--------------------------------------------------------------------------
max fanout violation count 0

==========================================================================
finish max_cap_violation_count
--------------------------------------------------------------------------
max cap violation count 0

==========================================================================
finish setup_violation_count
--------------------------------------------------------------------------
setup violation count 44

==========================================================================
finish hold_violation_count
--------------------------------------------------------------------------
hold violation count 0

==========================================================================
finish report_checks -path_delay max reg to reg
--------------------------------------------------------------------------
Startpoint: dpath.b_reg.out[5]$_DFFE_PP_
            (rising edge-triggered flip-flop clocked by core_clock)
Endpoint: dpath.a_reg.out[10]$_DFFE_PP_
          (rising edge-triggered flip-flop clocked by core_clock)
Path Group: core_clock
Path Type: max

  Delay    Time   Description
---------------------------------------------------------
   0.00    0.00   clock core_clock (rise edge)
   0.00    0.00   clock source latency
   0.00    0.00 ^ clk (in)
   0.03    0.03 ^ clkbuf_0_clk/Z (CLKBUF_X3)
   0.04    0.07 ^ clkbuf_2_1__f_clk/Z (CLKBUF_X3)
   0.00    0.07 ^ dpath.b_reg.out[5]$_DFFE_PP_/CK (DFF_X1)
   0.09    0.16 v dpath.b_reg.out[5]$_DFFE_PP_/Q (DFF_X1)
   0.06    0.22 v _418_/Z (XOR2_X2)
   0.11    0.33 v _427_/ZN (OR4_X4)
   0.07    0.39 ^ _428_/ZN (AOI211_X2)
   0.02    0.42 v _430_/ZN (AOI211_X2)
   0.03    0.45 ^ _445_/ZN (OAI21_X4)
   0.03    0.48 v _485_/ZN (OAI221_X2)
   0.09    0.57 ^ _486_/ZN (OAI221_X4)
   0.02    0.59 ^ rebuffer269/Z (BUF_X2)
   0.02    0.61 ^ rebuffer268/Z (BUF_X4)
   0.02    0.63 v _543_/ZN (OAI21_X4)
   0.08    0.71 ^ _559_/ZN (AOI221_X2)
   0.01    0.73 v _565_/ZN (NOR4_X2)
   0.07    0.80 ^ _570_/ZN (AOI221_X2)
   0.00    0.80 ^ dpath.a_reg.out[10]$_DFFE_PP_/D (DFF_X1)
           0.80   data arrival time

   0.51    0.51   clock core_clock (rise edge)
   0.00    0.51   clock source latency
   0.00    0.51 ^ clk (in)
   0.03    0.54 ^ clkbuf_0_clk/Z (CLKBUF_X3)
   0.04    0.58 ^ clkbuf_2_0__f_clk/Z (CLKBUF_X3)
   0.00    0.58 ^ dpath.a_reg.out[10]$_DFFE_PP_/CK (DFF_X1)
   0.00    0.58   clock reconvergence pessimism
  -0.04    0.54   library setup time
           0.54   data required time
---------------------------------------------------------
           0.54   data required time
          -0.80   data arrival time
---------------------------------------------------------
          -0.25   slack (VIOLATED)



==========================================================================
finish report_checks -path_delay min reg to reg
--------------------------------------------------------------------------
Startpoint: ctrl.state.out[1]$_DFF_P_
            (rising edge-triggered flip-flop clocked by core_clock)
Endpoint: ctrl.state.out[1]$_DFF_P_
          (rising edge-triggered flip-flop clocked by core_clock)
Path Group: core_clock
Path Type: min

  Delay    Time   Description
---------------------------------------------------------
   0.00    0.00   clock core_clock (rise edge)
   0.00    0.00   clock source latency
   0.00    0.00 ^ clk (in)
   0.03    0.03 ^ clkbuf_0_clk/Z (CLKBUF_X3)
   0.04    0.07 ^ clkbuf_2_1__f_clk/Z (CLKBUF_X3)
   0.00    0.07 ^ ctrl.state.out[1]$_DFF_P_/CK (DFF_X1)
   0.09    0.16 ^ ctrl.state.out[1]$_DFF_P_/Q (DFF_X1)
   0.01    0.18 v _382_/ZN (AOI21_X1)
   0.01    0.19 ^ _383_/ZN (INV_X1)
   0.00    0.19 ^ ctrl.state.out[1]$_DFF_P_/D (DFF_X1)
           0.19   data arrival time

   0.00    0.00   clock core_clock (rise edge)
   0.00    0.00   clock source latency
   0.00    0.00 ^ clk (in)
   0.03    0.03 ^ clkbuf_0_clk/Z (CLKBUF_X3)
   0.04    0.07 ^ clkbuf_2_1__f_clk/Z (CLKBUF_X3)
   0.00    0.07 ^ ctrl.state.out[1]$_DFF_P_/CK (DFF_X1)
   0.00    0.07   clock reconvergence pessimism
   0.01    0.08   library hold time
           0.08   data required time
---------------------------------------------------------
           0.08   data required time
          -0.19   data arrival time
---------------------------------------------------------
           0.11   slack (MET)



==========================================================================
finish critical path target clock latency max path
--------------------------------------------------------------------------
0.0702

==========================================================================
finish critical path target clock latency min path
--------------------------------------------------------------------------
0.0705

==========================================================================
finish critical path source clock latency min path
--------------------------------------------------------------------------
0.0000

==========================================================================
finish critical path delay
--------------------------------------------------------------------------
0.6934

==========================================================================
finish critical path slack
--------------------------------------------------------------------------
-0.2886

==========================================================================
finish slack div critical path delay
--------------------------------------------------------------------------
-41.620998

==========================================================================
finish report_power
--------------------------------------------------------------------------
Group                  Internal  Switching    Leakage      Total
                          Power      Power      Power      Power (Watts)
----------------------------------------------------------------
Sequential             4.60e-04   9.55e-05   2.77e-06   5.59e-04  16.4%
Combinational          1.51e-03   1.06e-03   1.62e-05   2.59e-03  75.9%
Clock                  1.13e-04   1.49e-04   1.96e-07   2.62e-04   7.7%
Macro                  0.00e+00   0.00e+00   0.00e+00   0.00e+00   0.0%
Pad                    0.00e+00   0.00e+00   0.00e+00   0.00e+00   0.0%
----------------------------------------------------------------
Total                  2.08e-03   1.31e-03   1.91e-05   3.41e-03 100.0%
                          61.0%      38.4%       0.6%
