
==========================================================================
finish report_tns
--------------------------------------------------------------------------
tns max -2.53

==========================================================================
finish report_wns
--------------------------------------------------------------------------
wns max -0.10

==========================================================================
finish report_worst_slack
--------------------------------------------------------------------------
worst slack max -0.10

==========================================================================
finish report_clock_min_period
--------------------------------------------------------------------------
core_clock period_min = 0.51 fmax = 1958.64

==========================================================================
finish report_clock_skew
--------------------------------------------------------------------------
Clock core_clock
   0.07 source latency dpath.b_reg.out[12]$_DFFE_PP_/CK ^
  -0.07 target latency dpath.b_reg.out[2]$_DFFE_PP_/CK ^
   0.00 CRPR
--------------
   0.00 setup skew


==========================================================================
finish report_checks -path_delay min
--------------------------------------------------------------------------
Startpoint: req_val (input port clocked by core_clock)
Endpoint: ctrl.state.out[0]$_DFF_P_
          (rising edge-triggered flip-flop clocked by core_clock)
Path Group: core_clock
Path Type: min

Fanout     Cap    Slew   Delay    Time   Description
-----------------------------------------------------------------------------
                          0.00    0.00   clock core_clock (rise edge)
                          0.00    0.00   clock network delay (propagated)
                          0.08    0.08 ^ input external delay
     1    1.36    0.00    0.00    0.08 ^ req_val (in)
                                         req_val (net)
                  0.00    0.00    0.08 ^ input33/A (BUF_X1)
     2    3.67    0.01    0.02    0.11 ^ input33/Z (BUF_X1)
                                         net33 (net)
                  0.01    0.00    0.11 ^ _522_/B1 (OAI21_X1)
     1    1.19    0.01    0.01    0.12 v _522_/ZN (OAI21_X1)
                                         _000_ (net)
                  0.01    0.00    0.12 v ctrl.state.out[0]$_DFF_P_/D (DFF_X2)
                                  0.12   data arrival time

                          0.00    0.00   clock core_clock (rise edge)
                          0.00    0.00   clock source latency
     1    3.74    0.00    0.00    0.00 ^ clk (in)
                                         clk (net)
                  0.00    0.00    0.00 ^ clkbuf_0_clk/A (CLKBUF_X3)
     4    9.20    0.01    0.03    0.03 ^ clkbuf_0_clk/Z (CLKBUF_X3)
                                         clknet_0_clk (net)
                  0.01    0.00    0.03 ^ clkbuf_2_1__f_clk/A (CLKBUF_X3)
    11   15.14    0.01    0.04    0.07 ^ clkbuf_2_1__f_clk/Z (CLKBUF_X3)
                                         clknet_2_1__leaf_clk (net)
                  0.01    0.00    0.07 ^ ctrl.state.out[0]$_DFF_P_/CK (DFF_X2)
                          0.00    0.07   clock reconvergence pessimism
                          0.00    0.08   library hold time
                                  0.08   data required time
-----------------------------------------------------------------------------
                                  0.08   data required time
                                 -0.12   data arrival time
-----------------------------------------------------------------------------
                                  0.04   slack (MET)



==========================================================================
finish report_checks -path_delay max
--------------------------------------------------------------------------
Startpoint: dpath.a_reg.out[10]$_DFFE_PP_
            (rising edge-triggered flip-flop clocked by core_clock)
Endpoint: resp_msg[12] (output port clocked by core_clock)
Path Group: core_clock
Path Type: max

Fanout     Cap    Slew   Delay    Time   Description
-----------------------------------------------------------------------------
                          0.00    0.00   clock core_clock (rise edge)
                          0.00    0.00   clock source latency
     1    3.74    0.00    0.00    0.00 ^ clk (in)
                                         clk (net)
                  0.00    0.00    0.00 ^ clkbuf_0_clk/A (CLKBUF_X3)
     4    9.20    0.01    0.03    0.03 ^ clkbuf_0_clk/Z (CLKBUF_X3)
                                         clknet_0_clk (net)
                  0.01    0.00    0.03 ^ clkbuf_2_1__f_clk/A (CLKBUF_X3)
    11   15.14    0.01    0.04    0.07 ^ clkbuf_2_1__f_clk/Z (CLKBUF_X3)
                                         clknet_2_1__leaf_clk (net)
                  0.01    0.00    0.07 ^ dpath.a_reg.out[10]$_DFFE_PP_/CK (DFF_X1)
     3    8.81    0.02    0.11    0.18 ^ dpath.a_reg.out[10]$_DFFE_PP_/Q (DFF_X1)
                                         dpath.a_lt_b$in0[10] (net)
                  0.02    0.00    0.18 ^ _652_/A (INV_X2)
     2    7.88    0.01    0.01    0.19 v _652_/ZN (INV_X2)
                                         _190_ (net)
                  0.01    0.00    0.19 v _653_/A1 (NAND2_X4)
     2    7.73    0.01    0.01    0.21 ^ _653_/ZN (NAND2_X4)
                                         _191_ (net)
                  0.01    0.00    0.21 ^ _654_/A2 (NAND2_X4)
     2    9.49    0.01    0.02    0.22 v _654_/ZN (NAND2_X4)
                                         _192_ (net)
                  0.01    0.00    0.22 v place181/A (BUF_X4)
     2    7.19    0.01    0.02    0.25 v place181/Z (BUF_X4)
                                         net181 (net)
                  0.01    0.00    0.25 v _678_/A1 (NOR2_X4)
     3   12.77    0.02    0.03    0.28 ^ _678_/ZN (NOR2_X4)
                                         _214_ (net)
                  0.02    0.00    0.28 ^ _683_/A1 (NAND2_X1)
     1    2.84    0.01    0.02    0.30 v _683_/ZN (NAND2_X1)
                                         _219_ (net)
                  0.01    0.00    0.30 v _686_/A1 (NAND2_X1)
     2    5.25    0.02    0.02    0.32 ^ _686_/ZN (NAND2_X1)
                                         _222_ (net)
                  0.02    0.00    0.32 ^ place160/A (BUF_X2)
     1    3.86    0.01    0.02    0.35 ^ place160/Z (BUF_X2)
                                         net160 (net)
                  0.01    0.00    0.35 ^ _687_/A (INV_X2)
     2    9.73    0.01    0.01    0.36 v _687_/ZN (INV_X2)
                                         _223_ (net)
                  0.01    0.00    0.36 v _688_/A2 (NAND2_X4)
     1    6.16    0.01    0.02    0.37 ^ _688_/ZN (NAND2_X4)
                                         _224_ (net)
                  0.01    0.00    0.37 ^ _694_/A1 (NAND2_X4)
     2    5.05    0.01    0.01    0.38 v _694_/ZN (NAND2_X4)
                                         _230_ (net)
                  0.01    0.00    0.38 v _697_/A1 (AND2_X4)
     1    3.58    0.01    0.02    0.41 v _697_/ZN (AND2_X4)
                                         net40 (net)
                  0.01    0.00    0.41 v output40/A (BUF_X4)
     1    0.13    0.00    0.02    0.43 v output40/Z (BUF_X4)
                                         resp_msg[12] (net)
                  0.00    0.00    0.43 v resp_msg[12] (out)
                                  0.43   data arrival time

                          0.41    0.41   clock core_clock (rise edge)
                          0.00    0.41   clock network delay (propagated)
                          0.00    0.41   clock reconvergence pessimism
                         -0.08    0.33   output external delay
                                  0.33   data required time
-----------------------------------------------------------------------------
                                  0.33   data required time
                                 -0.43   data arrival time
-----------------------------------------------------------------------------
                                 -0.10   slack (VIOLATED)



==========================================================================
finish report_checks -unconstrained
--------------------------------------------------------------------------
Startpoint: dpath.a_reg.out[10]$_DFFE_PP_
            (rising edge-triggered flip-flop clocked by core_clock)
Endpoint: resp_msg[12] (output port clocked by core_clock)
Path Group: core_clock
Path Type: max

Fanout     Cap    Slew   Delay    Time   Description
-----------------------------------------------------------------------------
                          0.00    0.00   clock core_clock (rise edge)
                          0.00    0.00   clock source latency
     1    3.74    0.00    0.00    0.00 ^ clk (in)
                                         clk (net)
                  0.00    0.00    0.00 ^ clkbuf_0_clk/A (CLKBUF_X3)
     4    9.20    0.01    0.03    0.03 ^ clkbuf_0_clk/Z (CLKBUF_X3)
                                         clknet_0_clk (net)
                  0.01    0.00    0.03 ^ clkbuf_2_1__f_clk/A (CLKBUF_X3)
    11   15.14    0.01    0.04    0.07 ^ clkbuf_2_1__f_clk/Z (CLKBUF_X3)
                                         clknet_2_1__leaf_clk (net)
                  0.01    0.00    0.07 ^ dpath.a_reg.out[10]$_DFFE_PP_/CK (DFF_X1)
     3    8.81    0.02    0.11    0.18 ^ dpath.a_reg.out[10]$_DFFE_PP_/Q (DFF_X1)
                                         dpath.a_lt_b$in0[10] (net)
                  0.02    0.00    0.18 ^ _652_/A (INV_X2)
     2    7.88    0.01    0.01    0.19 v _652_/ZN (INV_X2)
                                         _190_ (net)
                  0.01    0.00    0.19 v _653_/A1 (NAND2_X4)
     2    7.73    0.01    0.01    0.21 ^ _653_/ZN (NAND2_X4)
                                         _191_ (net)
                  0.01    0.00    0.21 ^ _654_/A2 (NAND2_X4)
     2    9.49    0.01    0.02    0.22 v _654_/ZN (NAND2_X4)
                                         _192_ (net)
                  0.01    0.00    0.22 v place181/A (BUF_X4)
     2    7.19    0.01    0.02    0.25 v place181/Z (BUF_X4)
                                         net181 (net)
                  0.01    0.00    0.25 v _678_/A1 (NOR2_X4)
     3   12.77    0.02    0.03    0.28 ^ _678_/ZN (NOR2_X4)
                                         _214_ (net)
                  0.02    0.00    0.28 ^ _683_/A1 (NAND2_X1)
     1    2.84    0.01    0.02    0.30 v _683_/ZN (NAND2_X1)
                                         _219_ (net)
                  0.01    0.00    0.30 v _686_/A1 (NAND2_X1)
     2    5.25    0.02    0.02    0.32 ^ _686_/ZN (NAND2_X1)
                                         _222_ (net)
                  0.02    0.00    0.32 ^ place160/A (BUF_X2)
     1    3.86    0.01    0.02    0.35 ^ place160/Z (BUF_X2)
                                         net160 (net)
                  0.01    0.00    0.35 ^ _687_/A (INV_X2)
     2    9.73    0.01    0.01    0.36 v _687_/ZN (INV_X2)
                                         _223_ (net)
                  0.01    0.00    0.36 v _688_/A2 (NAND2_X4)
     1    6.16    0.01    0.02    0.37 ^ _688_/ZN (NAND2_X4)
                                         _224_ (net)
                  0.01    0.00    0.37 ^ _694_/A1 (NAND2_X4)
     2    5.05    0.01    0.01    0.38 v _694_/ZN (NAND2_X4)
                                         _230_ (net)
                  0.01    0.00    0.38 v _697_/A1 (AND2_X4)
     1    3.58    0.01    0.02    0.41 v _697_/ZN (AND2_X4)
                                         net40 (net)
                  0.01    0.00    0.41 v output40/A (BUF_X4)
     1    0.13    0.00    0.02    0.43 v output40/Z (BUF_X4)
                                         resp_msg[12] (net)
                  0.00    0.00    0.43 v resp_msg[12] (out)
                                  0.43   data arrival time

                          0.41    0.41   clock core_clock (rise edge)
                          0.00    0.41   clock network delay (propagated)
                          0.00    0.41   clock reconvergence pessimism
                         -0.08    0.33   output external delay
                                  0.33   data required time
-----------------------------------------------------------------------------
                                  0.33   data required time
                                 -0.43   data arrival time
-----------------------------------------------------------------------------
                                 -0.10   slack (VIOLATED)



==========================================================================
finish report_check_types -max_slew -max_cap -max_fanout -violators
--------------------------------------------------------------------------

==========================================================================
finish max_slew_check_slack
--------------------------------------------------------------------------
0.12075087428092957

==========================================================================
finish max_slew_check_limit
--------------------------------------------------------------------------
0.1985349953174591

==========================================================================
finish max_slew_check_slack_limit
--------------------------------------------------------------------------
0.6082

==========================================================================
finish max_fanout_check_slack
--------------------------------------------------------------------------
1.0000000150474662e+30

==========================================================================
finish max_fanout_check_limit
--------------------------------------------------------------------------
1.0000000150474662e+30

==========================================================================
finish max_capacitance_check_slack
--------------------------------------------------------------------------
13.64079475402832

==========================================================================
finish max_capacitance_check_limit
--------------------------------------------------------------------------
16.021699905395508

==========================================================================
finish max_capacitance_check_slack_limit
--------------------------------------------------------------------------
0.8514

==========================================================================
finish max_slew_violation_count
--------------------------------------------------------------------------
max slew violation count 0

==========================================================================
finish max_fanout_violation_count
--------------------------------------------------------------------------
max fanout violation count 0

==========================================================================
finish max_cap_violation_count
--------------------------------------------------------------------------
max cap violation count 0

==========================================================================
finish setup_violation_count
--------------------------------------------------------------------------
setup violation count 45

==========================================================================
finish hold_violation_count
--------------------------------------------------------------------------
hold violation count 0

==========================================================================
finish report_checks -path_delay max reg to reg
--------------------------------------------------------------------------
Startpoint: dpath.a_reg.out[10]$_DFFE_PP_
            (rising edge-triggered flip-flop clocked by core_clock)
Endpoint: dpath.b_reg.out[0]$_DFFE_PP_
          (rising edge-triggered flip-flop clocked by core_clock)
Path Group: core_clock
Path Type: max

  Delay    Time   Description
---------------------------------------------------------
   0.00    0.00   clock core_clock (rise edge)
   0.00    0.00   clock source latency
   0.00    0.00 ^ clk (in)
   0.03    0.03 ^ clkbuf_0_clk/Z (CLKBUF_X3)
   0.04    0.07 ^ clkbuf_2_1__f_clk/Z (CLKBUF_X3)
   0.00    0.07 ^ dpath.a_reg.out[10]$_DFFE_PP_/CK (DFF_X1)
   0.11    0.18 ^ dpath.a_reg.out[10]$_DFFE_PP_/Q (DFF_X1)
   0.01    0.19 v _652_/ZN (INV_X2)
   0.02    0.21 ^ _653_/ZN (NAND2_X4)
   0.02    0.22 v _654_/ZN (NAND2_X4)
   0.02    0.25 v place181/Z (BUF_X4)
   0.03    0.28 ^ _678_/ZN (NOR2_X4)
   0.02    0.30 v _679_/ZN (NAND3_X4)
   0.01    0.32 ^ _680_/ZN (INV_X4)
   0.02    0.33 ^ rebuffer242/Z (BUF_X4)
   0.03    0.36 ^ _762_/ZN (AND2_X4)
   0.03    0.39 v _763_/ZN (NAND2_X4)
   0.04    0.42 ^ _793_/ZN (NAND3_X4)
   0.04    0.46 v _884_/ZN (NAND2_X4)
   0.03    0.49 ^ _888_/ZN (NAND2_X4)
   0.02    0.51 v _890_/ZN (OAI21_X2)
   0.00    0.51 v dpath.b_reg.out[0]$_DFFE_PP_/D (DFF_X1)
           0.51   data arrival time

   0.41    0.41   clock core_clock (rise edge)
   0.00    0.41   clock source latency
   0.00    0.41 ^ clk (in)
   0.03    0.44 ^ clkbuf_0_clk/Z (CLKBUF_X3)
   0.04    0.48 ^ clkbuf_2_0__f_clk/Z (CLKBUF_X3)
   0.00    0.49 ^ dpath.b_reg.out[0]$_DFFE_PP_/CK (DFF_X1)
   0.00    0.49   clock reconvergence pessimism
  -0.04    0.45   library setup time
           0.45   data required time
---------------------------------------------------------
           0.45   data required time
          -0.51   data arrival time
---------------------------------------------------------
          -0.06   slack (VIOLATED)



==========================================================================
finish report_checks -path_delay min reg to reg
--------------------------------------------------------------------------
Startpoint: ctrl.state.out[1]$_DFF_P_
            (rising edge-triggered flip-flop clocked by core_clock)
Endpoint: ctrl.state.out[1]$_DFF_P_
          (rising edge-triggered flip-flop clocked by core_clock)
Path Group: core_clock
Path Type: min

  Delay    Time   Description
---------------------------------------------------------
   0.00    0.00   clock core_clock (rise edge)
   0.00    0.00   clock source latency
   0.00    0.00 ^ clk (in)
   0.03    0.03 ^ clkbuf_0_clk/Z (CLKBUF_X3)
   0.04    0.07 ^ clkbuf_2_1__f_clk/Z (CLKBUF_X3)
   0.00    0.07 ^ ctrl.state.out[1]$_DFF_P_/CK (DFF_X1)
   0.09    0.16 v ctrl.state.out[1]$_DFF_P_/Q (DFF_X1)
   0.02    0.17 ^ _519_/ZN (NAND2_X1)
   0.01    0.19 v _520_/ZN (OAI21_X1)
   0.00    0.19 v ctrl.state.out[1]$_DFF_P_/D (DFF_X1)
           0.19   data arrival time

   0.00    0.00   clock core_clock (rise edge)
   0.00    0.00   clock source latency
   0.00    0.00 ^ clk (in)
   0.03    0.03 ^ clkbuf_0_clk/Z (CLKBUF_X3)
   0.04    0.07 ^ clkbuf_2_1__f_clk/Z (CLKBUF_X3)
   0.00    0.07 ^ ctrl.state.out[1]$_DFF_P_/CK (DFF_X1)
   0.00    0.07   clock reconvergence pessimism
   0.00    0.08   library hold time
           0.08   data required time
---------------------------------------------------------
           0.08   data required time
          -0.19   data arrival time
---------------------------------------------------------
           0.11   slack (MET)



==========================================================================
finish critical path target clock latency max path
--------------------------------------------------------------------------
0.0711

==========================================================================
finish critical path target clock latency min path
--------------------------------------------------------------------------
0.0723

==========================================================================
finish critical path source clock latency min path
--------------------------------------------------------------------------
0.0000

==========================================================================
finish critical path delay
--------------------------------------------------------------------------
0.4278

==========================================================================
finish critical path slack
--------------------------------------------------------------------------
-0.0966

==========================================================================
finish slack div critical path delay
--------------------------------------------------------------------------
-22.580645

==========================================================================
finish report_power
--------------------------------------------------------------------------
Group                  Internal  Switching    Leakage      Total
                          Power      Power      Power      Power (Watts)
----------------------------------------------------------------
Sequential             5.61e-04   1.53e-04   2.80e-06   7.16e-04  13.6%
Combinational          2.18e-03   2.03e-03   2.39e-05   4.23e-03  80.0%
Clock                  1.46e-04   1.92e-04   2.25e-07   3.39e-04   6.4%
Macro                  0.00e+00   0.00e+00   0.00e+00   0.00e+00   0.0%
Pad                    0.00e+00   0.00e+00   0.00e+00   0.00e+00   0.0%
----------------------------------------------------------------
Total                  2.88e-03   2.37e-03   2.69e-05   5.28e-03 100.0%
                          54.6%      44.9%       0.5%
